{
  "colorSpaceName" : "kCGColorSpaceGenericRGB",
  "components" : [
    0.20000000000000001,
    0.40000000000000002,
    0.59999999999999998,
    0.80000000000000004
  ]
}