Hash: 0b0011010000001000100001000000001001010111000111100101110111011000
